------------------------------------------------------------
Timing Analyzer Summary
------------------------------------------------------------

Type  : Slow 1200mV 85C Model Setup 'ADC_CLK_10'
Slack : -802.217
TNS   : -9625.253

Type  : Slow 1200mV 85C Model Setup 'u2|altpll_component|auto_generated|pll1|clk[0]'
Slack : -71.421
TNS   : -4064.604

Type  : Slow 1200mV 85C Model Setup 'MAX10_CLK1_50'
Slack : -4.076
TNS   : -11.681

Type  : Slow 1200mV 85C Model Setup 'u1|adc_mega_0|ADC_CTRL|adc_pll|auto_generated|pll1|clk[0]'
Slack : 77.063
TNS   : 0.000

Type  : Slow 1200mV 85C Model Hold 'ADC_CLK_10'
Slack : 0.264
TNS   : 0.000

Type  : Slow 1200mV 85C Model Hold 'MAX10_CLK1_50'
Slack : 0.340
TNS   : 0.000

Type  : Slow 1200mV 85C Model Hold 'u2|altpll_component|auto_generated|pll1|clk[0]'
Slack : 0.408
TNS   : 0.000

Type  : Slow 1200mV 85C Model Hold 'u1|adc_mega_0|ADC_CTRL|adc_pll|auto_generated|pll1|clk[0]'
Slack : 6.262
TNS   : 0.000

Type  : Slow 1200mV 85C Model Minimum Pulse Width 'MAX10_CLK1_50'
Slack : 9.650
TNS   : 0.000

Type  : Slow 1200mV 85C Model Minimum Pulse Width 'MAX10_CLK2_50'
Slack : 16.000
TNS   : 0.000

Type  : Slow 1200mV 85C Model Minimum Pulse Width 'u2|altpll_component|auto_generated|pll1|clk[0]'
Slack : 19.579
TNS   : 0.000

Type  : Slow 1200mV 85C Model Minimum Pulse Width 'ADC_CLK_10'
Slack : 49.529
TNS   : 0.000

Type  : Slow 1200mV 85C Model Minimum Pulse Width 'u1|adc_mega_0|ADC_CTRL|adc_pll|auto_generated|pll1|clk[0]'
Slack : 94.575
TNS   : 0.000

Type  : Slow 1200mV 0C Model Setup 'ADC_CLK_10'
Slack : -794.130
TNS   : -9528.319

Type  : Slow 1200mV 0C Model Setup 'u2|altpll_component|auto_generated|pll1|clk[0]'
Slack : -61.296
TNS   : -3439.663

Type  : Slow 1200mV 0C Model Setup 'MAX10_CLK1_50'
Slack : -4.140
TNS   : -11.861

Type  : Slow 1200mV 0C Model Setup 'u1|adc_mega_0|ADC_CTRL|adc_pll|auto_generated|pll1|clk[0]'
Slack : 78.634
TNS   : 0.000

Type  : Slow 1200mV 0C Model Hold 'ADC_CLK_10'
Slack : 0.264
TNS   : 0.000

Type  : Slow 1200mV 0C Model Hold 'MAX10_CLK1_50'
Slack : 0.305
TNS   : 0.000

Type  : Slow 1200mV 0C Model Hold 'u2|altpll_component|auto_generated|pll1|clk[0]'
Slack : 0.329
TNS   : 0.000

Type  : Slow 1200mV 0C Model Hold 'u1|adc_mega_0|ADC_CTRL|adc_pll|auto_generated|pll1|clk[0]'
Slack : 5.025
TNS   : 0.000

Type  : Slow 1200mV 0C Model Minimum Pulse Width 'MAX10_CLK1_50'
Slack : 9.656
TNS   : 0.000

Type  : Slow 1200mV 0C Model Minimum Pulse Width 'MAX10_CLK2_50'
Slack : 16.000
TNS   : 0.000

Type  : Slow 1200mV 0C Model Minimum Pulse Width 'u2|altpll_component|auto_generated|pll1|clk[0]'
Slack : 19.556
TNS   : 0.000

Type  : Slow 1200mV 0C Model Minimum Pulse Width 'ADC_CLK_10'
Slack : 49.543
TNS   : 0.000

Type  : Slow 1200mV 0C Model Minimum Pulse Width 'u1|adc_mega_0|ADC_CTRL|adc_pll|auto_generated|pll1|clk[0]'
Slack : 94.631
TNS   : 0.000

Type  : Fast 1200mV 0C Model Setup 'ADC_CLK_10'
Slack : -754.136
TNS   : -9049.148

Type  : Fast 1200mV 0C Model Setup 'u2|altpll_component|auto_generated|pll1|clk[0]'
Slack : -6.422
TNS   : -258.566

Type  : Fast 1200mV 0C Model Setup 'MAX10_CLK1_50'
Slack : -1.945
TNS   : -5.687

Type  : Fast 1200mV 0C Model Setup 'u1|adc_mega_0|ADC_CTRL|adc_pll|auto_generated|pll1|clk[0]'
Slack : 85.261
TNS   : 0.000

Type  : Fast 1200mV 0C Model Hold 'u1|adc_mega_0|ADC_CTRL|adc_pll|auto_generated|pll1|clk[0]'
Slack : -0.019
TNS   : -0.019

Type  : Fast 1200mV 0C Model Hold 'ADC_CLK_10'
Slack : 0.112
TNS   : 0.000

Type  : Fast 1200mV 0C Model Hold 'MAX10_CLK1_50'
Slack : 0.147
TNS   : 0.000

Type  : Fast 1200mV 0C Model Hold 'u2|altpll_component|auto_generated|pll1|clk[0]'
Slack : 0.208
TNS   : 0.000

Type  : Fast 1200mV 0C Model Minimum Pulse Width 'MAX10_CLK1_50'
Slack : 9.330
TNS   : 0.000

Type  : Fast 1200mV 0C Model Minimum Pulse Width 'MAX10_CLK2_50'
Slack : 16.000
TNS   : 0.000

Type  : Fast 1200mV 0C Model Minimum Pulse Width 'u2|altpll_component|auto_generated|pll1|clk[0]'
Slack : 19.639
TNS   : 0.000

Type  : Fast 1200mV 0C Model Minimum Pulse Width 'ADC_CLK_10'
Slack : 49.272
TNS   : 0.000

Type  : Fast 1200mV 0C Model Minimum Pulse Width 'u1|adc_mega_0|ADC_CTRL|adc_pll|auto_generated|pll1|clk[0]'
Slack : 94.903
TNS   : 0.000

------------------------------------------------------------
